Top 3 Score's by Host

Score is calculated by combining all other metrics.

+-----+---------+-------+-----------------------------------+------------------+
| Pos |    Host | Score |                       Last Kernel |          Updated |
+-----+---------+-------+-----------------------------------+------------------+
|  1. |  uranus |   309 |             Linux 5.16.14-arch1-1 | 2026-03-03 18:29 |
|  2. |  vulcan |   270 | Linux 3.10.0-1160.81.1.el7.x86_64 | 2026-03-03 18:29 |
|  3. |     sun |   238 |          FreeBSD 10.3-RELEASE-p24 | 2026-03-03 18:29 |
+-----+---------+-------+-----------------------------------+------------------+
