<!DOCTYPE html>
<html lang="en">
<head>
<meta charset="utf-8">
<link rel="shortcut icon" type="image/gif" href="https://foo.zone/favicon.ico" />
<link rel="stylesheet" href="https://foo.zone/style.css" />
<title>Top 3 Score&#39;s by Host</title>
</head>
<body>
<h1 style="display: inline">Top 3 Score&#39;s by Host</h1><br />
<br />
<span class="quote">Score is calculated by combining all other metrics.</span><br />
<br />
<pre>+-----+---------+-------+-----------------------------------+------------------+
| Pos |    Host | Score |                       Last Kernel |          Updated |
+-----+---------+-------+-----------------------------------+------------------+
|  1. |  uranus |   309 |             Linux 5.16.14-arch1-1 | 2026-03-03 18:29 |
|  2. |  vulcan |   270 | Linux 3.10.0-1160.81.1.el7.x86_64 | 2026-03-03 18:29 |
|  3. |     sun |   238 |          FreeBSD 10.3-RELEASE-p24 | 2026-03-03 18:29 |
+-----+---------+-------+-----------------------------------+------------------+
</pre>
</body>
</html>
