# Top 5 Lifespan's by Host:

```
+-----+----------------+----------------------------+
| Pos |           Host |                   Lifespan |
+-----+----------------+----------------------------+
|  1. |       dionysus | 8 years, 6 months, 17 days |
|  2. |         uranus | 7 years, 2 months, 16 days |
|  3. |  alphacentauri | 6 years, 9 months, 13 days |
|  4. |        *vulcan |  4 years, 4 months, 7 days |
|  5. |            sun | 3 years, 10 months, 2 days |
+-----+----------------+----------------------------+
```
