Top 5 Uptime's by Host:

+-----+------------+-----------------------------+
| Pos |       Host |                      Uptime |
+-----+------------+-----------------------------+
|  1. |    *vulcan |   4 years, 4 months, 7 days |
|  2. |     uranus | 3 years, 11 months, 21 days |
|  3. |        sun |  3 years, 9 months, 26 days |
|  4. |      uugrn |   3 years, 5 months, 5 days |
|  5. |  deltavega |  3 years, 1 months, 21 days |
+-----+------------+-----------------------------+
