# Top 3 Downtime's by Host

Downtime is the total downtime of a host over the entire lifespan.

```
+-----+----------------+-----------------------------+--------------------------+
| Pos |           Host |                    Downtime |              Last Kernel |
+-----+----------------+-----------------------------+--------------------------+
|  1. |       dionysus |  8 years, 3 months, 16 days | FreeBSD 13.0-RELEASE-p11 |
|  2. |  alphacentauri | 5 years, 11 months, 18 days |  FreeBSD 11.4-RELEASE-p7 |
|  3. |         uranus |  3 years, 3 months, 28 days |    Linux 5.16.14-arch1-1 |
+-----+----------------+-----------------------------+--------------------------+
```
