# Top 5 Boots's by Host:

```
+-----+----------------+-------+
| Pos |           Host | Boots |
+-----+----------------+-------+
|  1. |  alphacentauri |   671 |
|  2. |           mars |   207 |
|  3. |       callisto |   153 |
|  4. |         uranus |   150 |
|  5. |       dionysus |   136 |
+-----+----------------+-------+
```
