# Top 3 Score's by Host

Score is calculated by combining all other metrics.

```
+-----+----------------+-------+
| Pos |           Host | Score |
+-----+----------------+-------+
|  1. |         uranus |   360 |
|  2. |  alphacentauri |   294 |
|  3. |       dionysus |   285 |
+-----+----------------+-------+
```
