Top 3 Downtime's by Host:

+-----+----------------+-----------------------------+
| Pos |           Host |                    Downtime |
+-----+----------------+-----------------------------+
|  1. |       dionysus |  8 years, 3 months, 16 days |
|  2. |  alphacentauri | 5 years, 11 months, 18 days |
|  3. |         uranus |  3 years, 3 months, 28 days |
+-----+----------------+-----------------------------+
