<h1>Top 3 Score&#39;s by KernelName</h1>
<p>Score is calculated by combining all other metrics.</p>
<table>
<tr><th>Pos</th><th>KernelName</th><th>Score</th></tr>
<tr><td>1.</td><td> Linux</td><td>1292</td></tr>
<tr><td>2.</td><td> FreeBSD</td><td>700</td></tr>
<tr><td>3.</td><td> OpenBSD</td><td>196</td></tr>
</table>
