<h1>Top 3 Boots&#39;s by KernelMajor</h1>
<p>Boots is the total number of host boots over the entire lifespan.</p>
<table>
<tr><th>Pos</th><th>KernelMajor</th><th>Boots</th></tr>
<tr><td>1.</td><td> FreeBSD 10...</td><td>551</td></tr>
<tr><td>2.</td><td> Linux 3...</td><td>410</td></tr>
<tr><td>3.</td><td> Linux 5...</td><td>249</td></tr>
</table>
