<!DOCTYPE html>
<html lang="en">
<head>
<meta charset="utf-8">
<link rel="shortcut icon" type="image/gif" href="https://foo.zone/favicon.ico" />
<link rel="stylesheet" href="https://foo.zone/style.css" />
<title>Top 3 Boots&#39;s by Kernel</title>
</head>
<body>
<h1 style="display: inline">Top 3 Boots&#39;s by Kernel</h1><br />
<br />
<span class="quote">Boots is the total number of host boots over the entire lifespan.</span><br />
<br />
<pre>+-----+------------------------------+-------+
| Pos |                       Kernel | Boots |
+-----+------------------------------+-------+
|  1. |          Linux 3.2.0-4-amd64 |   321 |
|  2. |  Linux 4.0.4-303.fc22.x86_64 |   103 |
|  3. |         FreeBSD 10.1-RELEASE |    76 |
+-----+------------------------------+-------+
</pre>
</body>
</html>
