<h1>Top 3 Uptime&#39;s by KernelMajor</h1>
<p>Uptime is the total uptime of a host over the entire lifespan.</p>
<table>
<tr><th>Pos</th><th>KernelMajor</th><th>Uptime</th></tr>
<tr><td>1.</td><td> Linux 3...</td><td>11 years, 2 months, 11 days</td></tr>
<tr><td>2.</td><td> FreeBSD 10...</td><td>5 years, 9 months, 9 days</td></tr>
<tr><td>3.</td><td> Linux 5...</td><td>3 years, 12 months, 2 days</td></tr>
</table>
