<h1>Top 3 Score&#39;s by KernelMajor</h1>
<p>Score is calculated by combining all other metrics.</p>
<table>
<tr><th>Pos</th><th>KernelMajor</th><th>Score</th></tr>
<tr><td>1.</td><td> Linux 3...</td><td>736</td></tr>
<tr><td>2.</td><td> FreeBSD 10...</td><td>406</td></tr>
<tr><td>3.</td><td> Linux 5...</td><td>268</td></tr>
</table>
