<!DOCTYPE html>
<html lang="en">
<head>
<meta charset="utf-8">
<link rel="shortcut icon" type="image/gif" href="https://foo.zone/favicon.ico" />
<link rel="stylesheet" href="https://foo.zone/style.css" />
<title>Top 3 Uptime&#39;s by KernelMajor</title>
</head>
<body>
<h1 style="display: inline">Top 3 Uptime&#39;s by KernelMajor</h1><br />
<br />
<span class="quote">Uptime is the total uptime of a host over the entire lifespan.</span><br />
<br />
<pre>+-----+----------------+-----------------------------+
| Pos |    KernelMajor |                      Uptime |
+-----+----------------+-----------------------------+
|  1. |     Linux 3... | 11 years, 2 months, 11 days |
|  2. |  FreeBSD 10... |   5 years, 9 months, 9 days |
|  3. |     Linux 5... |  3 years, 12 months, 2 days |
+-----+----------------+-----------------------------+
</pre>
</body>
</html>
