<h1>Top 3 Boots&#39;s by Kernel</h1>
<p>Boots is the total number of host boots over the entire lifespan.</p>
<table>
<tr><th>Pos</th><th>Kernel</th><th>Boots</th></tr>
<tr><td>1.</td><td> Linux 3.2.0-4-amd64</td><td>321</td></tr>
<tr><td>2.</td><td> Linux 4.0.4-303.fc22.x86_64</td><td>103</td></tr>
<tr><td>3.</td><td> FreeBSD 10.1-RELEASE</td><td>76</td></tr>
</table>
