# Top 3 Score's by Kernel

Score is calculated by combining all other metrics.

```
+-----+------------------------------------+-------+
| Pos |                             Kernel | Score |
+-----+------------------------------------+-------+
|  1. |                Linux 3.2.0-4-amd64 |   241 |
|  2. |  Linux 3.10.0-1160.15.2.el7.x86_64 |   123 |
|  3. |   Linux 3.10.0-957.21.3.el7.x86_64 |    96 |
+-----+------------------------------------+-------+
```
