<h1>Top 3 Boots&#39;s by KernelName</h1>
<p>Boots is the total number of host boots over the entire lifespan.</p>
<table>
<tr><th>Pos</th><th>KernelName</th><th>Boots</th></tr>
<tr><td>1.</td><td> FreeBSD</td><td>872</td></tr>
<tr><td>2.</td><td> Linux</td><td>867</td></tr>
<tr><td>3.</td><td> OpenBSD</td><td>44</td></tr>
</table>
