<h1>Top 3 Score&#39;s by Kernel</h1>
<p>Score is calculated by combining all other metrics.</p>
<table>
<tr><th>Pos</th><th>Kernel</th><th>Score</th></tr>
<tr><td>1.</td><td> Linux 3.2.0-4-amd64</td><td>241</td></tr>
<tr><td>2.</td><td> Linux 3.10.0-1160.15.2.el7.x86_64</td><td>123</td></tr>
<tr><td>3.</td><td> Linux 3.10.0-957.21.3.el7.x86_64</td><td>96</td></tr>
</table>
