# Top 3 Score's by KernelMajor

Score is calculated by combining all other metrics.

```
+-----+----------------+-------+
| Pos |    KernelMajor | Score |
+-----+----------------+-------+
|  1. |    *Linux 3... |   739 |
|  2. |  FreeBSD 10... |   406 |
|  3. |     Linux 5... |   268 |
+-----+----------------+-------+
```
