<!DOCTYPE html>
<html lang="en">
<head>
<meta charset="utf-8">
<link rel="shortcut icon" type="image/gif" href="https://foo.zone/favicon.ico" />
<link rel="stylesheet" href="https://foo.zone/style.css" />
<title>Top 3 Uptime&#39;s by Kernel</title>
</head>
<body>
<p class="header">
<a href="/">Dashboard</a> | <a href="https://foo.zone">foo.zone</a> | <a class="textlink" href="/report?OutputFormat=HTML&amp;limit=3">Report API</a>
</p>
<h1 style="display: inline">Top 3 Uptime&#39;s by Kernel</h1><br />
<br />
<span class="quote">Uptime is the total uptime of a host over the entire lifespan.</span><br />
<br />
<pre>+-----+------------------------------------+-----------------------------+
| Pos |                             Kernel |                      Uptime |
+-----+------------------------------------+-----------------------------+
|  1. |                Linux 3.2.0-4-amd64 |  3 years, 5 months, 23 days |
|  2. |  Linux 3.10.0-1160.15.2.el7.x86_64 | 1 years, 12 months, 15 days |
|  3. |   Linux 3.10.0-957.21.3.el7.x86_64 |  1 years, 7 months, 13 days |
+-----+------------------------------------+-----------------------------+
</pre>
</body>
</html>
