<!DOCTYPE html>
<html lang="en">
<head>
<meta charset="utf-8">
<link rel="shortcut icon" type="image/gif" href="https://foo.zone/favicon.ico" />
<link rel="stylesheet" href="https://foo.zone/style.css" />
<title>Top 3 Score&#39;s by KernelMajor</title>
</head>
<body>
<p class="header">
<a href="/">Dashboard</a> | <a href="https://foo.zone">foo.zone</a> | <a class="textlink" href="/report?OutputFormat=HTML&amp;limit=3">Report API</a>
</p>
<h1 style="display: inline">Top 3 Score&#39;s by KernelMajor</h1><br />
<br />
<span class="quote">Score is calculated by combining all other metrics.</span><br />
<br />
<pre>+-----+----------------+-------+
| Pos |    KernelMajor | Score |
+-----+----------------+-------+
|  1. |     Linux 3... |   736 |
|  2. |  FreeBSD 10... |   406 |
|  3. |     Linux 5... |   268 |
+-----+----------------+-------+
</pre>
</body>
</html>
