# Top 3 MetaScore's by OSMajor:

```
+-----+----------------+-----------+
| Pos |        OSMajor | MetaScore |
+-----+----------------+-----------+
|  1. |    *Linux 3... |       739 |
|  2. |  FreeBSD 10... |       406 |
|  3. |     Linux 5... |       268 |
+-----+----------------+-----------+
```
