# Top 5 Boots's by OSMajor:

```
+-----+----------------+-------+
| Pos |        OSMajor | Boots |
+-----+----------------+-------+
|  1. |  FreeBSD 10... |   551 |
|  2. |    *Linux 3... |   410 |
|  3. |     Linux 5... |   249 |
|  4. |     Linux 4... |   164 |
|  5. |  FreeBSD 11... |   153 |
+-----+----------------+-------+
```
