# Top 5 Uptime's by OSMajor:

```
+-----+----------------+-----------------------------+
| Pos |        OSMajor |                      Uptime |
+-----+----------------+-----------------------------+
|  1. |    *Linux 3... | 11 years, 2 months, 11 days |
|  2. |  FreeBSD 10... |   5 years, 9 months, 9 days |
|  3. |     Linux 5... |  3 years, 12 months, 2 days |
|  4. |     Linux 4... |   2 years, 8 months, 9 days |
|  5. |  *OpenBSD 7... |   2 years, 6 months, 9 days |
+-----+----------------+-----------------------------+
```
